vite v8.0.10 building client environment for production...
[2Ktransforming...
PWA v1.3.0
mode      generateSW
precache  303 entries (83114.10 KiB)
files generated
  dist/sw.js
  dist/workbox-35e397ac.js
